Stm32_F103C6_UART_driver.c:36:6:MCAL_UART_Init	24	static
Stm32_F103C6_UART_driver.c:119:6:MCAL_UART_DeInit	16	static
Stm32_F103C6_UART_driver.c:152:6:MCAL_UART_GPIO_Set_Pins	24	static
Stm32_F103C6_UART_driver.c:287:6:MCAL_UART_SendData	24	static
Stm32_F103C6_UART_driver.c:361:6:MCAL_UART_ReceiveData	24	static
Stm32_F103C6_UART_driver.c:465:6:MCAL_UART_WAIT_TC	16	static
Stm32_F103C6_UART_driver.c:473:6:USART1_IRQHandler	8	static
Stm32_F103C6_UART_driver.c:480:6:USART2_IRQHandler	8	static
Stm32_F103C6_UART_driver.c:485:6:USART3_IRQHandler	8	static
