Archive member included to satisfy reference by file (symbol)

c:/st/stm32cubeide_1.4.0/stm32cubeide/plugins/com.st.stm32cube.ide.mcu.externaltools.gnu-tools-for-stm32.7-2018-q2-update.win32_1.4.0.202007081208/tools/bin/../lib/gcc/arm-none-eabi/7.3.1/../../../../arm-none-eabi/lib/thumb/v7-m\libc_nano.a(lib_a-errno.o)
                              Src/syscalls.o (__errno)
c:/st/stm32cubeide_1.4.0/stm32cubeide/plugins/com.st.stm32cube.ide.mcu.externaltools.gnu-tools-for-stm32.7-2018-q2-update.win32_1.4.0.202007081208/tools/bin/../lib/gcc/arm-none-eabi/7.3.1/../../../../arm-none-eabi/lib/thumb/v7-m\libc_nano.a(lib_a-exit.o)
                              c:/st/stm32cubeide_1.4.0/stm32cubeide/plugins/com.st.stm32cube.ide.mcu.externaltools.gnu-tools-for-stm32.7-2018-q2-update.win32_1.4.0.202007081208/tools/bin/../lib/gcc/arm-none-eabi/7.3.1/../../../../arm-none-eabi/lib/thumb/v7-m/crt0.o (exit)
c:/st/stm32cubeide_1.4.0/stm32cubeide/plugins/com.st.stm32cube.ide.mcu.externaltools.gnu-tools-for-stm32.7-2018-q2-update.win32_1.4.0.202007081208/tools/bin/../lib/gcc/arm-none-eabi/7.3.1/../../../../arm-none-eabi/lib/thumb/v7-m\libc_nano.a(lib_a-impure.o)
                              c:/st/stm32cubeide_1.4.0/stm32cubeide/plugins/com.st.stm32cube.ide.mcu.externaltools.gnu-tools-for-stm32.7-2018-q2-update.win32_1.4.0.202007081208/tools/bin/../lib/gcc/arm-none-eabi/7.3.1/../../../../arm-none-eabi/lib/thumb/v7-m\libc_nano.a(lib_a-exit.o) (_global_impure_ptr)
c:/st/stm32cubeide_1.4.0/stm32cubeide/plugins/com.st.stm32cube.ide.mcu.externaltools.gnu-tools-for-stm32.7-2018-q2-update.win32_1.4.0.202007081208/tools/bin/../lib/gcc/arm-none-eabi/7.3.1/../../../../arm-none-eabi/lib/thumb/v7-m\libc_nano.a(lib_a-init.o)
                              c:/st/stm32cubeide_1.4.0/stm32cubeide/plugins/com.st.stm32cube.ide.mcu.externaltools.gnu-tools-for-stm32.7-2018-q2-update.win32_1.4.0.202007081208/tools/bin/../lib/gcc/arm-none-eabi/7.3.1/../../../../arm-none-eabi/lib/thumb/v7-m/crt0.o (__libc_init_array)
c:/st/stm32cubeide_1.4.0/stm32cubeide/plugins/com.st.stm32cube.ide.mcu.externaltools.gnu-tools-for-stm32.7-2018-q2-update.win32_1.4.0.202007081208/tools/bin/../lib/gcc/arm-none-eabi/7.3.1/../../../../arm-none-eabi/lib/thumb/v7-m\libc_nano.a(lib_a-memset.o)
                              c:/st/stm32cubeide_1.4.0/stm32cubeide/plugins/com.st.stm32cube.ide.mcu.externaltools.gnu-tools-for-stm32.7-2018-q2-update.win32_1.4.0.202007081208/tools/bin/../lib/gcc/arm-none-eabi/7.3.1/../../../../arm-none-eabi/lib/thumb/v7-m/crt0.o (memset)

Allocating common symbols
Common symbol       size              file

G_SPI_Cfg           0x8               Drivers/Stm32F103C8_SPI_Driver.o
G_UART_Config       0xc               Drivers/Stm32_F103C6_UART_driver.o
ch                  0x2               Src/main.o

Discarded input sections

 .text          0x0000000000000000        0x0 c:/st/stm32cubeide_1.4.0/stm32cubeide/plugins/com.st.stm32cube.ide.mcu.externaltools.gnu-tools-for-stm32.7-2018-q2-update.win32_1.4.0.202007081208/tools/bin/../lib/gcc/arm-none-eabi/7.3.1/thumb/v7-m/crti.o
 .data          0x0000000000000000        0x0 c:/st/stm32cubeide_1.4.0/stm32cubeide/plugins/com.st.stm32cube.ide.mcu.externaltools.gnu-tools-for-stm32.7-2018-q2-update.win32_1.4.0.202007081208/tools/bin/../lib/gcc/arm-none-eabi/7.3.1/thumb/v7-m/crti.o
 .bss           0x0000000000000000        0x0 c:/st/stm32cubeide_1.4.0/stm32cubeide/plugins/com.st.stm32cube.ide.mcu.externaltools.gnu-tools-for-stm32.7-2018-q2-update.win32_1.4.0.202007081208/tools/bin/../lib/gcc/arm-none-eabi/7.3.1/thumb/v7-m/crti.o
 .data          0x0000000000000000        0x4 c:/st/stm32cubeide_1.4.0/stm32cubeide/plugins/com.st.stm32cube.ide.mcu.externaltools.gnu-tools-for-stm32.7-2018-q2-update.win32_1.4.0.202007081208/tools/bin/../lib/gcc/arm-none-eabi/7.3.1/thumb/v7-m/crtbegin.o
 .text          0x0000000000000000       0x74 c:/st/stm32cubeide_1.4.0/stm32cubeide/plugins/com.st.stm32cube.ide.mcu.externaltools.gnu-tools-for-stm32.7-2018-q2-update.win32_1.4.0.202007081208/tools/bin/../lib/gcc/arm-none-eabi/7.3.1/../../../../arm-none-eabi/lib/thumb/v7-m/crt0.o
 .data          0x0000000000000000        0x0 c:/st/stm32cubeide_1.4.0/stm32cubeide/plugins/com.st.stm32cube.ide.mcu.externaltools.gnu-tools-for-stm32.7-2018-q2-update.win32_1.4.0.202007081208/tools/bin/../lib/gcc/arm-none-eabi/7.3.1/../../../../arm-none-eabi/lib/thumb/v7-m/crt0.o
 .bss           0x0000000000000000        0x0 c:/st/stm32cubeide_1.4.0/stm32cubeide/plugins/com.st.stm32cube.ide.mcu.externaltools.gnu-tools-for-stm32.7-2018-q2-update.win32_1.4.0.202007081208/tools/bin/../lib/gcc/arm-none-eabi/7.3.1/../../../../arm-none-eabi/lib/thumb/v7-m/crt0.o
 .ARM.extab     0x0000000000000000        0x0 c:/st/stm32cubeide_1.4.0/stm32cubeide/plugins/com.st.stm32cube.ide.mcu.externaltools.gnu-tools-for-stm32.7-2018-q2-update.win32_1.4.0.202007081208/tools/bin/../lib/gcc/arm-none-eabi/7.3.1/../../../../arm-none-eabi/lib/thumb/v7-m/crt0.o
 .ARM.exidx     0x0000000000000000        0x8 c:/st/stm32cubeide_1.4.0/stm32cubeide/plugins/com.st.stm32cube.ide.mcu.externaltools.gnu-tools-for-stm32.7-2018-q2-update.win32_1.4.0.202007081208/tools/bin/../lib/gcc/arm-none-eabi/7.3.1/../../../../arm-none-eabi/lib/thumb/v7-m/crt0.o
 .ARM.attributes
                0x0000000000000000       0x1b c:/st/stm32cubeide_1.4.0/stm32cubeide/plugins/com.st.stm32cube.ide.mcu.externaltools.gnu-tools-for-stm32.7-2018-q2-update.win32_1.4.0.202007081208/tools/bin/../lib/gcc/arm-none-eabi/7.3.1/../../../../arm-none-eabi/lib/thumb/v7-m/crt0.o
 .group         0x0000000000000000        0xc Drivers/Stm32F103C8_SPI_Driver.o
 .group         0x0000000000000000        0xc Drivers/Stm32F103C8_SPI_Driver.o
 .group         0x0000000000000000        0xc Drivers/Stm32F103C8_SPI_Driver.o
 .group         0x0000000000000000        0xc Drivers/Stm32F103C8_SPI_Driver.o
 .group         0x0000000000000000        0xc Drivers/Stm32F103C8_SPI_Driver.o
 .group         0x0000000000000000        0xc Drivers/Stm32F103C8_SPI_Driver.o
 .group         0x0000000000000000        0xc Drivers/Stm32F103C8_SPI_Driver.o
 .group         0x0000000000000000        0xc Drivers/Stm32F103C8_SPI_Driver.o
 .group         0x0000000000000000        0xc Drivers/Stm32F103C8_SPI_Driver.o
 .group         0x0000000000000000        0xc Drivers/Stm32F103C8_SPI_Driver.o
 .text          0x0000000000000000        0x0 Drivers/Stm32F103C8_SPI_Driver.o
 .data          0x0000000000000000        0x0 Drivers/Stm32F103C8_SPI_Driver.o
 .bss           0x0000000000000000        0x0 Drivers/Stm32F103C8_SPI_Driver.o
 .text.MCAL_SPI_Deinit
                0x0000000000000000       0x64 Drivers/Stm32F103C8_SPI_Driver.o
 .group         0x0000000000000000        0xc Drivers/Stm32_F103C6_RCC_driver.o
 .group         0x0000000000000000        0xc Drivers/Stm32_F103C6_RCC_driver.o
 .group         0x0000000000000000        0xc Drivers/Stm32_F103C6_RCC_driver.o
 .group         0x0000000000000000        0xc Drivers/Stm32_F103C6_RCC_driver.o
 .group         0x0000000000000000        0xc Drivers/Stm32_F103C6_RCC_driver.o
 .group         0x0000000000000000        0xc Drivers/Stm32_F103C6_RCC_driver.o
 .group         0x0000000000000000        0xc Drivers/Stm32_F103C6_RCC_driver.o
 .group         0x0000000000000000        0xc Drivers/Stm32_F103C6_RCC_driver.o
 .group         0x0000000000000000        0xc Drivers/Stm32_F103C6_RCC_driver.o
 .text          0x0000000000000000        0x0 Drivers/Stm32_F103C6_RCC_driver.o
 .data          0x0000000000000000        0x0 Drivers/Stm32_F103C6_RCC_driver.o
 .bss           0x0000000000000000        0x0 Drivers/Stm32_F103C6_RCC_driver.o
 .rodata.AHBPrescTable
                0x0000000000000000       0x10 Drivers/Stm32_F103C6_RCC_driver.o
 .text.MCAL_RCC_GET_HCLK_Freq
                0x0000000000000000       0x28 Drivers/Stm32_F103C6_RCC_driver.o
 .debug_macro   0x0000000000000000      0xa60 Drivers/Stm32_F103C6_RCC_driver.o
 .debug_macro   0x0000000000000000       0x22 Drivers/Stm32_F103C6_RCC_driver.o
 .debug_macro   0x0000000000000000       0x8e Drivers/Stm32_F103C6_RCC_driver.o
 .debug_macro   0x0000000000000000       0x51 Drivers/Stm32_F103C6_RCC_driver.o
 .debug_macro   0x0000000000000000       0xef Drivers/Stm32_F103C6_RCC_driver.o
 .debug_macro   0x0000000000000000       0x6a Drivers/Stm32_F103C6_RCC_driver.o
 .debug_macro   0x0000000000000000      0x1df Drivers/Stm32_F103C6_RCC_driver.o
 .group         0x0000000000000000        0xc Drivers/Stm32_F103C6_UART_driver.o
 .group         0x0000000000000000        0xc Drivers/Stm32_F103C6_UART_driver.o
 .group         0x0000000000000000        0xc Drivers/Stm32_F103C6_UART_driver.o
 .group         0x0000000000000000        0xc Drivers/Stm32_F103C6_UART_driver.o
 .group         0x0000000000000000        0xc Drivers/Stm32_F103C6_UART_driver.o
 .group         0x0000000000000000        0xc Drivers/Stm32_F103C6_UART_driver.o
 .group         0x0000000000000000        0xc Drivers/Stm32_F103C6_UART_driver.o
 .group         0x0000000000000000        0xc Drivers/Stm32_F103C6_UART_driver.o
 .group         0x0000000000000000        0xc Drivers/Stm32_F103C6_UART_driver.o
 .group         0x0000000000000000        0xc Drivers/Stm32_F103C6_UART_driver.o
 .group         0x0000000000000000        0xc Drivers/Stm32_F103C6_UART_driver.o
 .text          0x0000000000000000        0x0 Drivers/Stm32_F103C6_UART_driver.o
 .data          0x0000000000000000        0x0 Drivers/Stm32_F103C6_UART_driver.o
 .bss           0x0000000000000000        0x0 Drivers/Stm32_F103C6_UART_driver.o
 .text.MCAL_UART_DeInit
                0x0000000000000000       0x8c Drivers/Stm32_F103C6_UART_driver.o
 .text.MCAL_UART_ReceiveData
                0x0000000000000000       0xf4 Drivers/Stm32_F103C6_UART_driver.o
 .text.MCAL_UART_WAIT_TC
                0x0000000000000000       0x20 Drivers/Stm32_F103C6_UART_driver.o
 .debug_macro   0x0000000000000000      0xa60 Drivers/Stm32_F103C6_UART_driver.o
 .debug_macro   0x0000000000000000       0x22 Drivers/Stm32_F103C6_UART_driver.o
 .debug_macro   0x0000000000000000       0x8e Drivers/Stm32_F103C6_UART_driver.o
 .debug_macro   0x0000000000000000       0x51 Drivers/Stm32_F103C6_UART_driver.o
 .debug_macro   0x0000000000000000       0xef Drivers/Stm32_F103C6_UART_driver.o
 .debug_macro   0x0000000000000000       0x6a Drivers/Stm32_F103C6_UART_driver.o
 .debug_macro   0x0000000000000000      0x1df Drivers/Stm32_F103C6_UART_driver.o
 .debug_macro   0x0000000000000000      0x2a0 Drivers/Stm32_F103C6_UART_driver.o
 .debug_macro   0x0000000000000000       0xd6 Drivers/Stm32_F103C6_UART_driver.o
 .group         0x0000000000000000        0xc Drivers/Stm32_F103C6_gpio_driver.o
 .group         0x0000000000000000        0xc Drivers/Stm32_F103C6_gpio_driver.o
 .group         0x0000000000000000        0xc Drivers/Stm32_F103C6_gpio_driver.o
 .group         0x0000000000000000        0xc Drivers/Stm32_F103C6_gpio_driver.o
 .group         0x0000000000000000        0xc Drivers/Stm32_F103C6_gpio_driver.o
 .group         0x0000000000000000        0xc Drivers/Stm32_F103C6_gpio_driver.o
 .group         0x0000000000000000        0xc Drivers/Stm32_F103C6_gpio_driver.o
 .group         0x0000000000000000        0xc Drivers/Stm32_F103C6_gpio_driver.o
 .group         0x0000000000000000        0xc Drivers/Stm32_F103C6_gpio_driver.o
 .text          0x0000000000000000        0x0 Drivers/Stm32_F103C6_gpio_driver.o
 .data          0x0000000000000000        0x0 Drivers/Stm32_F103C6_gpio_driver.o
 .bss           0x0000000000000000        0x0 Drivers/Stm32_F103C6_gpio_driver.o
 .text.MCAL_GPIO_DeInit
                0x0000000000000000       0xd4 Drivers/Stm32_F103C6_gpio_driver.o
 .text.MCAL_GPIO_ReadPin
                0x0000000000000000       0x34 Drivers/Stm32_F103C6_gpio_driver.o
 .text.MCAL_GPIO_ReadPort
                0x0000000000000000       0x1a Drivers/Stm32_F103C6_gpio_driver.o
 .text.MCAL_GPIO_WritePin
                0x0000000000000000       0x48 Drivers/Stm32_F103C6_gpio_driver.o
 .text.MCAL_GPIO_WritePort
                0x0000000000000000       0x1c Drivers/Stm32_F103C6_gpio_driver.o
 .text.MCAL_GPIO_TogglePin
                0x0000000000000000       0x28 Drivers/Stm32_F103C6_gpio_driver.o
 .text.MCAL_GPIO_LockPin
                0x0000000000000000       0x5e Drivers/Stm32_F103C6_gpio_driver.o
 .debug_macro   0x0000000000000000      0xa60 Drivers/Stm32_F103C6_gpio_driver.o
 .debug_macro   0x0000000000000000       0x22 Drivers/Stm32_F103C6_gpio_driver.o
 .debug_macro   0x0000000000000000       0x8e Drivers/Stm32_F103C6_gpio_driver.o
 .debug_macro   0x0000000000000000       0x51 Drivers/Stm32_F103C6_gpio_driver.o
 .debug_macro   0x0000000000000000       0xef Drivers/Stm32_F103C6_gpio_driver.o
 .debug_macro   0x0000000000000000       0x6a Drivers/Stm32_F103C6_gpio_driver.o
 .debug_macro   0x0000000000000000      0x1df Drivers/Stm32_F103C6_gpio_driver.o
 .debug_macro   0x0000000000000000      0x2a0 Drivers/Stm32_F103C6_gpio_driver.o
 .group         0x0000000000000000        0xc Src/main.o
 .group         0x0000000000000000        0xc Src/main.o
 .group         0x0000000000000000        0xc Src/main.o
 .group         0x0000000000000000        0xc Src/main.o
 .group         0x0000000000000000        0xc Src/main.o
 .group         0x0000000000000000        0xc Src/main.o
 .group         0x0000000000000000        0xc Src/main.o
 .group         0x0000000000000000        0xc Src/main.o
 .group         0x0000000000000000        0xc Src/main.o
 .group         0x0000000000000000        0xc Src/main.o
 .group         0x0000000000000000        0xc Src/main.o
 .group         0x0000000000000000        0xc Src/main.o
 .group         0x0000000000000000        0xc Src/main.o
 .group         0x0000000000000000        0xc Src/main.o
 .group         0x0000000000000000        0xc Src/main.o
 .group         0x0000000000000000        0xc Src/main.o
 .group         0x0000000000000000        0xc Src/main.o
 .group         0x0000000000000000        0xc Src/main.o
 .group         0x0000000000000000        0xc Src/main.o
 .group         0x0000000000000000        0xc Src/main.o
 .group         0x0000000000000000        0xc Src/main.o
 .group         0x0000000000000000        0xc Src/main.o
 .group         0x0000000000000000        0xc Src/main.o
 .group         0x0000000000000000        0xc Src/main.o
 .group         0x0000000000000000        0xc Src/main.o
 .group         0x0000000000000000        0xc Src/main.o
 .group         0x0000000000000000        0xc Src/main.o
 .group         0x0000000000000000        0xc Src/main.o
 .group         0x0000000000000000        0xc Src/main.o
 .group         0x0000000000000000        0xc Src/main.o
 .group         0x0000000000000000        0xc Src/main.o
 .group         0x0000000000000000        0xc Src/main.o
 .group         0x0000000000000000        0xc Src/main.o
 .group         0x0000000000000000        0xc Src/main.o
 .group         0x0000000000000000        0xc Src/main.o
 .group         0x0000000000000000        0xc Src/main.o
 .group         0x0000000000000000        0xc Src/main.o
 .group         0x0000000000000000        0xc Src/main.o
 .group         0x0000000000000000        0xc Src/main.o
 .group         0x0000000000000000        0xc Src/main.o
 .group         0x0000000000000000        0xc Src/main.o
 .text          0x0000000000000000        0x0 Src/main.o
 .data          0x0000000000000000        0x0 Src/main.o
 .bss           0x0000000000000000        0x0 Src/main.o
 .debug_macro   0x0000000000000000      0xa60 Src/main.o
 .debug_macro   0x0000000000000000       0x22 Src/main.o
 .debug_macro   0x0000000000000000       0x8e Src/main.o
 .debug_macro   0x0000000000000000       0x51 Src/main.o
 .debug_macro   0x0000000000000000       0xef Src/main.o
 .debug_macro   0x0000000000000000       0x6a Src/main.o
 .debug_macro   0x0000000000000000      0x1df Src/main.o
 .debug_macro   0x0000000000000000      0x2a6 Src/main.o
 .debug_macro   0x0000000000000000       0xd0 Src/main.o
 .debug_macro   0x0000000000000000       0x16 Src/main.o
 .debug_macro   0x0000000000000000       0xc6 Src/main.o
 .debug_macro   0x0000000000000000       0xd7 Src/main.o
 .group         0x0000000000000000        0xc Src/syscalls.o
 .group         0x0000000000000000        0xc Src/syscalls.o
 .group         0x0000000000000000        0xc Src/syscalls.o
 .group         0x0000000000000000        0xc Src/syscalls.o
 .group         0x0000000000000000        0xc Src/syscalls.o
 .group         0x0000000000000000        0xc Src/syscalls.o
 .group         0x0000000000000000        0xc Src/syscalls.o
 .group         0x0000000000000000        0xc Src/syscalls.o
 .group         0x0000000000000000        0xc Src/syscalls.o
 .group         0x0000000000000000        0xc Src/syscalls.o
 .group         0x0000000000000000        0xc Src/syscalls.o
 .group         0x0000000000000000        0xc Src/syscalls.o
 .group         0x0000000000000000        0xc Src/syscalls.o
 .group         0x0000000000000000        0xc Src/syscalls.o
 .group         0x0000000000000000        0xc Src/syscalls.o
 .group         0x0000000000000000        0xc Src/syscalls.o
 .group         0x0000000000000000        0xc Src/syscalls.o
 .group         0x0000000000000000        0xc Src/syscalls.o
 .group         0x0000000000000000        0xc Src/syscalls.o
 .group         0x0000000000000000        0xc Src/syscalls.o
 .group         0x0000000000000000        0xc Src/syscalls.o
 .group         0x0000000000000000        0xc Src/syscalls.o
 .group         0x0000000000000000        0xc Src/syscalls.o
 .group         0x0000000000000000        0xc Src/syscalls.o
 .group         0x0000000000000000        0xc Src/syscalls.o
 .group         0x0000000000000000        0xc Src/syscalls.o
 .group         0x0000000000000000        0xc Src/syscalls.o
 .group         0x0000000000000000        0xc Src/syscalls.o
 .group         0x0000000000000000        0xc Src/syscalls.o
 .group         0x0000000000000000        0xc Src/syscalls.o
 .group         0x0000000000000000        0xc Src/syscalls.o
 .group         0x0000000000000000        0xc Src/syscalls.o
 .group         0x0000000000000000        0xc Src/syscalls.o
 .group         0x0000000000000000        0xc Src/syscalls.o
 .group         0x0000000000000000        0xc Src/syscalls.o
 .group         0x0000000000000000        0xc Src/syscalls.o
 .group         0x0000000000000000        0xc Src/syscalls.o
 .group         0x0000000000000000        0xc Src/syscalls.o
 .group         0x0000000000000000        0xc Src/syscalls.o
 .group         0x0000000000000000        0xc Src/syscalls.o
 .group         0x0000000000000000        0xc Src/syscalls.o
 .group         0x0000000000000000        0xc Src/syscalls.o
 .group         0x0000000000000000        0xc Src/syscalls.o
 .group         0x0000000000000000        0xc Src/syscalls.o
 .text          0x0000000000000000        0x0 Src/syscalls.o
 .data          0x0000000000000000        0x0 Src/syscalls.o
 .bss           0x0000000000000000        0x0 Src/syscalls.o
 .bss.__env     0x0000000000000000        0x4 Src/syscalls.o
 .data.environ  0x0000000000000000        0x4 Src/syscalls.o
 .text.initialise_monitor_handles
                0x0000000000000000        0xc Src/syscalls.o
 .text._getpid  0x0000000000000000        0xe Src/syscalls.o
 .text._kill    0x0000000000000000       0x20 Src/syscalls.o
 .text._exit    0x0000000000000000       0x14 Src/syscalls.o
 .text._read    0x0000000000000000       0x3a Src/syscalls.o
 .text._write   0x0000000000000000       0x38 Src/syscalls.o
 .text._close   0x0000000000000000       0x16 Src/syscalls.o
 .text._fstat   0x0000000000000000       0x1e Src/syscalls.o
 .text._isatty  0x0000000000000000       0x14 Src/syscalls.o
 .text._lseek   0x0000000000000000       0x18 Src/syscalls.o
 .text._open    0x0000000000000000       0x1a Src/syscalls.o
 .text._wait    0x0000000000000000       0x1e Src/syscalls.o
 .text._unlink  0x0000000000000000       0x1e Src/syscalls.o
 .text._times   0x0000000000000000       0x16 Src/syscalls.o
 .text._stat    0x0000000000000000       0x1e Src/syscalls.o
 .text._link    0x0000000000000000       0x20 Src/syscalls.o
 .text._fork    0x0000000000000000       0x16 Src/syscalls.o
 .text._execve  0x0000000000000000       0x22 Src/syscalls.o
 .debug_info    0x0000000000000000     0x1038 Src/syscalls.o
 .debug_abbrev  0x0000000000000000      0x254 Src/syscalls.o
 .debug_loc     0x0000000000000000      0x5b8 Src/syscalls.o
 .debug_aranges
                0x0000000000000000       0xa8 Src/syscalls.o
 .debug_ranges  0x0000000000000000       0x98 Src/syscalls.o
 .debug_macro   0x0000000000000000      0x243 Src/syscalls.o
 .debug_macro   0x0000000000000000      0xa60 Src/syscalls.o
 .debug_macro   0x0000000000000000       0x22 Src/syscalls.o
 .debug_macro   0x0000000000000000       0x40 Src/syscalls.o
 .debug_macro   0x0000000000000000       0x18 Src/syscalls.o
 .debug_macro   0x0000000000000000       0x94 Src/syscalls.o
 .debug_macro   0x0000000000000000       0x3c Src/syscalls.o
 .debug_macro   0x0000000000000000       0x34 Src/syscalls.o
 .debug_macro   0x0000000000000000       0x57 Src/syscalls.o
 .debug_macro   0x0000000000000000      0x174 Src/syscalls.o
 .debug_macro   0x0000000000000000      0x330 Src/syscalls.o
 .debug_macro   0x0000000000000000       0x52 Src/syscalls.o
 .debug_macro   0x0000000000000000       0x1f Src/syscalls.o
 .debug_macro   0x0000000000000000       0x43 Src/syscalls.o
 .debug_macro   0x0000000000000000       0x20 Src/syscalls.o
 .debug_macro   0x0000000000000000      0x1a3 Src/syscalls.o
 .debug_macro   0x0000000000000000       0x10 Src/syscalls.o
 .debug_macro   0x0000000000000000       0x35 Src/syscalls.o
 .debug_macro   0x0000000000000000       0x10 Src/syscalls.o
 .debug_macro   0x0000000000000000       0x10 Src/syscalls.o
 .debug_macro   0x0000000000000000       0x10 Src/syscalls.o
 .debug_macro   0x0000000000000000       0x6a Src/syscalls.o
 .debug_macro   0x0000000000000000       0x1c Src/syscalls.o
 .debug_macro   0x0000000000000000       0x52 Src/syscalls.o
 .debug_macro   0x0000000000000000       0x40 Src/syscalls.o
 .debug_macro   0x0000000000000000       0x10 Src/syscalls.o
 .debug_macro   0x0000000000000000       0x40 Src/syscalls.o
 .debug_macro   0x0000000000000000       0xd7 Src/syscalls.o
 .debug_macro   0x0000000000000000       0x1c Src/syscalls.o
 .debug_macro   0x0000000000000000       0x3d Src/syscalls.o
 .debug_macro   0x0000000000000000       0x35 Src/syscalls.o
 .debug_macro   0x0000000000000000      0x122 Src/syscalls.o
 .debug_macro   0x0000000000000000       0x16 Src/syscalls.o
 .debug_macro   0x0000000000000000       0x16 Src/syscalls.o
 .debug_macro   0x0000000000000000       0x29 Src/syscalls.o
 .debug_macro   0x0000000000000000       0x10 Src/syscalls.o
 .debug_macro   0x0000000000000000      0x241 Src/syscalls.o
 .debug_macro   0x0000000000000000       0x1c Src/syscalls.o
 .debug_macro   0x0000000000000000       0x10 Src/syscalls.o
 .debug_macro   0x0000000000000000       0x10 Src/syscalls.o
 .debug_macro   0x0000000000000000       0x16 Src/syscalls.o
 .debug_macro   0x0000000000000000      0x145 Src/syscalls.o
 .debug_macro   0x0000000000000000      0x189 Src/syscalls.o
 .debug_macro   0x0000000000000000       0x16 Src/syscalls.o
 .debug_macro   0x0000000000000000       0x88 Src/syscalls.o
 .debug_line    0x0000000000000000      0x739 Src/syscalls.o
 .debug_str     0x0000000000000000     0x8874 Src/syscalls.o
 .comment       0x0000000000000000       0x7c Src/syscalls.o
 .debug_frame   0x0000000000000000      0x2ac Src/syscalls.o
 .ARM.attributes
                0x0000000000000000       0x33 Src/syscalls.o
 .group         0x0000000000000000        0xc Src/sysmem.o
 .group         0x0000000000000000        0xc Src/sysmem.o
 .group         0x0000000000000000        0xc Src/sysmem.o
 .group         0x0000000000000000        0xc Src/sysmem.o
 .group         0x0000000000000000        0xc Src/sysmem.o
 .group         0x0000000000000000        0xc Src/sysmem.o
 .group         0x0000000000000000        0xc Src/sysmem.o
 .group         0x0000000000000000        0xc Src/sysmem.o
 .group         0x0000000000000000        0xc Src/sysmem.o
 .group         0x0000000000000000        0xc Src/sysmem.o
 .group         0x0000000000000000        0xc Src/sysmem.o
 .group         0x0000000000000000        0xc Src/sysmem.o
 .group         0x0000000000000000        0xc Src/sysmem.o
 .group         0x0000000000000000        0xc Src/sysmem.o
 .group         0x0000000000000000        0xc Src/sysmem.o
 .group         0x0000000000000000        0xc Src/sysmem.o
 .group         0x0000000000000000        0xc Src/sysmem.o
 .group         0x0000000000000000        0xc Src/sysmem.o
 .group         0x0000000000000000        0xc Src/sysmem.o
 .text          0x0000000000000000        0x0 Src/sysmem.o
 .data          0x0000000000000000        0x0 Src/sysmem.o
 .bss           0x0000000000000000        0x0 Src/sysmem.o
 .bss.__sbrk_heap_end
                0x0000000000000000        0x4 Src/sysmem.o
 .text._sbrk    0x0000000000000000       0x6c Src/sysmem.o
 .debug_info    0x0000000000000000      0xa7c Src/sysmem.o
 .debug_abbrev  0x0000000000000000      0x18e Src/sysmem.o
 .debug_loc     0x0000000000000000       0x50 Src/sysmem.o
 .debug_aranges
                0x0000000000000000       0x20 Src/sysmem.o
 .debug_ranges  0x0000000000000000       0x10 Src/sysmem.o
 .debug_macro   0x0000000000000000       0xee Src/sysmem.o
 .debug_macro   0x0000000000000000      0xa60 Src/sysmem.o
 .debug_macro   0x0000000000000000       0x10 Src/sysmem.o
 .debug_macro   0x0000000000000000       0x22 Src/sysmem.o
 .debug_macro   0x0000000000000000       0x40 Src/sysmem.o
 .debug_macro   0x0000000000000000       0x18 Src/sysmem.o
 .debug_macro   0x0000000000000000       0x94 Src/sysmem.o
 .debug_macro   0x0000000000000000       0x3c Src/sysmem.o
 .debug_macro   0x0000000000000000       0x34 Src/sysmem.o
 .debug_macro   0x0000000000000000      0x174 Src/sysmem.o
 .debug_macro   0x0000000000000000       0x57 Src/sysmem.o
 .debug_macro   0x0000000000000000       0x52 Src/sysmem.o
 .debug_macro   0x0000000000000000       0x1f Src/sysmem.o
 .debug_macro   0x0000000000000000       0x43 Src/sysmem.o
 .debug_macro   0x0000000000000000       0x20 Src/sysmem.o
 .debug_macro   0x0000000000000000      0x1a3 Src/sysmem.o
 .debug_macro   0x0000000000000000      0x23b Src/sysmem.o
 .debug_macro   0x0000000000000000       0xef Src/sysmem.o
 .debug_macro   0x0000000000000000       0x6a Src/sysmem.o
 .debug_macro   0x0000000000000000      0x1df Src/sysmem.o
 .debug_line    0x0000000000000000      0x4c2 Src/sysmem.o
 .debug_str     0x0000000000000000     0x5f42 Src/sysmem.o
 .comment       0x0000000000000000       0x7c Src/sysmem.o
 .debug_frame   0x0000000000000000       0x34 Src/sysmem.o
 .ARM.attributes
                0x0000000000000000       0x33 Src/sysmem.o
 .text          0x0000000000000000       0x14 Startup/startup_stm32f103c6tx.o
 .data          0x0000000000000000        0x0 Startup/startup_stm32f103c6tx.o
 .bss           0x0000000000000000        0x0 Startup/startup_stm32f103c6tx.o
 .text          0x0000000000000000        0x0 c:/st/stm32cubeide_1.4.0/stm32cubeide/plugins/com.st.stm32cube.ide.mcu.externaltools.gnu-tools-for-stm32.7-2018-q2-update.win32_1.4.0.202007081208/tools/bin/../lib/gcc/arm-none-eabi/7.3.1/../../../../arm-none-eabi/lib/thumb/v7-m\libc_nano.a(lib_a-errno.o)
 .data          0x0000000000000000        0x0 c:/st/stm32cubeide_1.4.0/stm32cubeide/plugins/com.st.stm32cube.ide.mcu.externaltools.gnu-tools-for-stm32.7-2018-q2-update.win32_1.4.0.202007081208/tools/bin/../lib/gcc/arm-none-eabi/7.3.1/../../../../arm-none-eabi/lib/thumb/v7-m\libc_nano.a(lib_a-errno.o)
 .bss           0x0000000000000000        0x0 c:/st/stm32cubeide_1.4.0/stm32cubeide/plugins/com.st.stm32cube.ide.mcu.externaltools.gnu-tools-for-stm32.7-2018-q2-update.win32_1.4.0.202007081208/tools/bin/../lib/gcc/arm-none-eabi/7.3.1/../../../../arm-none-eabi/lib/thumb/v7-m\libc_nano.a(lib_a-errno.o)
 .text.__errno  0x0000000000000000        0xc c:/st/stm32cubeide_1.4.0/stm32cubeide/plugins/com.st.stm32cube.ide.mcu.externaltools.gnu-tools-for-stm32.7-2018-q2-update.win32_1.4.0.202007081208/tools/bin/../lib/gcc/arm-none-eabi/7.3.1/../../../../arm-none-eabi/lib/thumb/v7-m\libc_nano.a(lib_a-errno.o)
 .debug_frame   0x0000000000000000       0x20 c:/st/stm32cubeide_1.4.0/stm32cubeide/plugins/com.st.stm32cube.ide.mcu.externaltools.gnu-tools-for-stm32.7-2018-q2-update.win32_1.4.0.202007081208/tools/bin/../lib/gcc/arm-none-eabi/7.3.1/../../../../arm-none-eabi/lib/thumb/v7-m\libc_nano.a(lib_a-errno.o)
 .ARM.attributes
                0x0000000000000000       0x2d c:/st/stm32cubeide_1.4.0/stm32cubeide/plugins/com.st.stm32cube.ide.mcu.externaltools.gnu-tools-for-stm32.7-2018-q2-update.win32_1.4.0.202007081208/tools/bin/../lib/gcc/arm-none-eabi/7.3.1/../../../../arm-none-eabi/lib/thumb/v7-m\libc_nano.a(lib_a-errno.o)
 .text          0x0000000000000000        0x0 c:/st/stm32cubeide_1.4.0/stm32cubeide/plugins/com.st.stm32cube.ide.mcu.externaltools.gnu-tools-for-stm32.7-2018-q2-update.win32_1.4.0.202007081208/tools/bin/../lib/gcc/arm-none-eabi/7.3.1/../../../../arm-none-eabi/lib/thumb/v7-m\libc_nano.a(lib_a-exit.o)
 .data          0x0000000000000000        0x0 c:/st/stm32cubeide_1.4.0/stm32cubeide/plugins/com.st.stm32cube.ide.mcu.externaltools.gnu-tools-for-stm32.7-2018-q2-update.win32_1.4.0.202007081208/tools/bin/../lib/gcc/arm-none-eabi/7.3.1/../../../../arm-none-eabi/lib/thumb/v7-m\libc_nano.a(lib_a-exit.o)
 .bss           0x0000000000000000        0x0 c:/st/stm32cubeide_1.4.0/stm32cubeide/plugins/com.st.stm32cube.ide.mcu.externaltools.gnu-tools-for-stm32.7-2018-q2-update.win32_1.4.0.202007081208/tools/bin/../lib/gcc/arm-none-eabi/7.3.1/../../../../arm-none-eabi/lib/thumb/v7-m\libc_nano.a(lib_a-exit.o)
 .text.exit     0x0000000000000000       0x28 c:/st/stm32cubeide_1.4.0/stm32cubeide/plugins/com.st.stm32cube.ide.mcu.externaltools.gnu-tools-for-stm32.7-2018-q2-update.win32_1.4.0.202007081208/tools/bin/../lib/gcc/arm-none-eabi/7.3.1/../../../../arm-none-eabi/lib/thumb/v7-m\libc_nano.a(lib_a-exit.o)
 .debug_frame   0x0000000000000000       0x28 c:/st/stm32cubeide_1.4.0/stm32cubeide/plugins/com.st.stm32cube.ide.mcu.externaltools.gnu-tools-for-stm32.7-2018-q2-update.win32_1.4.0.202007081208/tools/bin/../lib/gcc/arm-none-eabi/7.3.1/../../../../arm-none-eabi/lib/thumb/v7-m\libc_nano.a(lib_a-exit.o)
 .ARM.attributes
                0x0000000000000000       0x2d c:/st/stm32cubeide_1.4.0/stm32cubeide/plugins/com.st.stm32cube.ide.mcu.externaltools.gnu-tools-for-stm32.7-2018-q2-update.win32_1.4.0.202007081208/tools/bin/../lib/gcc/arm-none-eabi/7.3.1/../../../../arm-none-eabi/lib/thumb/v7-m\libc_nano.a(lib_a-exit.o)
 .text          0x0000000000000000        0x0 c:/st/stm32cubeide_1.4.0/stm32cubeide/plugins/com.st.stm32cube.ide.mcu.externaltools.gnu-tools-for-stm32.7-2018-q2-update.win32_1.4.0.202007081208/tools/bin/../lib/gcc/arm-none-eabi/7.3.1/../../../../arm-none-eabi/lib/thumb/v7-m\libc_nano.a(lib_a-impure.o)
 .data          0x0000000000000000        0x0 c:/st/stm32cubeide_1.4.0/stm32cubeide/plugins/com.st.stm32cube.ide.mcu.externaltools.gnu-tools-for-stm32.7-2018-q2-update.win32_1.4.0.202007081208/tools/bin/../lib/gcc/arm-none-eabi/7.3.1/../../../../arm-none-eabi/lib/thumb/v7-m\libc_nano.a(lib_a-impure.o)
 .bss           0x0000000000000000        0x0 c:/st/stm32cubeide_1.4.0/stm32cubeide/plugins/com.st.stm32cube.ide.mcu.externaltools.gnu-tools-for-stm32.7-2018-q2-update.win32_1.4.0.202007081208/tools/bin/../lib/gcc/arm-none-eabi/7.3.1/../../../../arm-none-eabi/lib/thumb/v7-m\libc_nano.a(lib_a-impure.o)
 .data._impure_ptr
                0x0000000000000000        0x4 c:/st/stm32cubeide_1.4.0/stm32cubeide/plugins/com.st.stm32cube.ide.mcu.externaltools.gnu-tools-for-stm32.7-2018-q2-update.win32_1.4.0.202007081208/tools/bin/../lib/gcc/arm-none-eabi/7.3.1/../../../../arm-none-eabi/lib/thumb/v7-m\libc_nano.a(lib_a-impure.o)
 .data.impure_data
                0x0000000000000000       0x60 c:/st/stm32cubeide_1.4.0/stm32cubeide/plugins/com.st.stm32cube.ide.mcu.externaltools.gnu-tools-for-stm32.7-2018-q2-update.win32_1.4.0.202007081208/tools/bin/../lib/gcc/arm-none-eabi/7.3.1/../../../../arm-none-eabi/lib/thumb/v7-m\libc_nano.a(lib_a-impure.o)
 .rodata._global_impure_ptr
                0x0000000000000000        0x4 c:/st/stm32cubeide_1.4.0/stm32cubeide/plugins/com.st.stm32cube.ide.mcu.externaltools.gnu-tools-for-stm32.7-2018-q2-update.win32_1.4.0.202007081208/tools/bin/../lib/gcc/arm-none-eabi/7.3.1/../../../../arm-none-eabi/lib/thumb/v7-m\libc_nano.a(lib_a-impure.o)
 .ARM.attributes
                0x0000000000000000       0x2d c:/st/stm32cubeide_1.4.0/stm32cubeide/plugins/com.st.stm32cube.ide.mcu.externaltools.gnu-tools-for-stm32.7-2018-q2-update.win32_1.4.0.202007081208/tools/bin/../lib/gcc/arm-none-eabi/7.3.1/../../../../arm-none-eabi/lib/thumb/v7-m\libc_nano.a(lib_a-impure.o)
 .text          0x0000000000000000        0x0 c:/st/stm32cubeide_1.4.0/stm32cubeide/plugins/com.st.stm32cube.ide.mcu.externaltools.gnu-tools-for-stm32.7-2018-q2-update.win32_1.4.0.202007081208/tools/bin/../lib/gcc/arm-none-eabi/7.3.1/../../../../arm-none-eabi/lib/thumb/v7-m\libc_nano.a(lib_a-init.o)
 .data          0x0000000000000000        0x0 c:/st/stm32cubeide_1.4.0/stm32cubeide/plugins/com.st.stm32cube.ide.mcu.externaltools.gnu-tools-for-stm32.7-2018-q2-update.win32_1.4.0.202007081208/tools/bin/../lib/gcc/arm-none-eabi/7.3.1/../../../../arm-none-eabi/lib/thumb/v7-m\libc_nano.a(lib_a-init.o)
 .bss           0x0000000000000000        0x0 c:/st/stm32cubeide_1.4.0/stm32cubeide/plugins/com.st.stm32cube.ide.mcu.externaltools.gnu-tools-for-stm32.7-2018-q2-update.win32_1.4.0.202007081208/tools/bin/../lib/gcc/arm-none-eabi/7.3.1/../../../../arm-none-eabi/lib/thumb/v7-m\libc_nano.a(lib_a-init.o)
 .text          0x0000000000000000        0x0 c:/st/stm32cubeide_1.4.0/stm32cubeide/plugins/com.st.stm32cube.ide.mcu.externaltools.gnu-tools-for-stm32.7-2018-q2-update.win32_1.4.0.202007081208/tools/bin/../lib/gcc/arm-none-eabi/7.3.1/../../../../arm-none-eabi/lib/thumb/v7-m\libc_nano.a(lib_a-memset.o)
 .data          0x0000000000000000        0x0 c:/st/stm32cubeide_1.4.0/stm32cubeide/plugins/com.st.stm32cube.ide.mcu.externaltools.gnu-tools-for-stm32.7-2018-q2-update.win32_1.4.0.202007081208/tools/bin/../lib/gcc/arm-none-eabi/7.3.1/../../../../arm-none-eabi/lib/thumb/v7-m\libc_nano.a(lib_a-memset.o)
 .bss           0x0000000000000000        0x0 c:/st/stm32cubeide_1.4.0/stm32cubeide/plugins/com.st.stm32cube.ide.mcu.externaltools.gnu-tools-for-stm32.7-2018-q2-update.win32_1.4.0.202007081208/tools/bin/../lib/gcc/arm-none-eabi/7.3.1/../../../../arm-none-eabi/lib/thumb/v7-m\libc_nano.a(lib_a-memset.o)
 .text.memset   0x0000000000000000       0x10 c:/st/stm32cubeide_1.4.0/stm32cubeide/plugins/com.st.stm32cube.ide.mcu.externaltools.gnu-tools-for-stm32.7-2018-q2-update.win32_1.4.0.202007081208/tools/bin/../lib/gcc/arm-none-eabi/7.3.1/../../../../arm-none-eabi/lib/thumb/v7-m\libc_nano.a(lib_a-memset.o)
 .debug_frame   0x0000000000000000       0x20 c:/st/stm32cubeide_1.4.0/stm32cubeide/plugins/com.st.stm32cube.ide.mcu.externaltools.gnu-tools-for-stm32.7-2018-q2-update.win32_1.4.0.202007081208/tools/bin/../lib/gcc/arm-none-eabi/7.3.1/../../../../arm-none-eabi/lib/thumb/v7-m\libc_nano.a(lib_a-memset.o)
 .ARM.attributes
                0x0000000000000000       0x2d c:/st/stm32cubeide_1.4.0/stm32cubeide/plugins/com.st.stm32cube.ide.mcu.externaltools.gnu-tools-for-stm32.7-2018-q2-update.win32_1.4.0.202007081208/tools/bin/../lib/gcc/arm-none-eabi/7.3.1/../../../../arm-none-eabi/lib/thumb/v7-m\libc_nano.a(lib_a-memset.o)
 .text          0x0000000000000000        0x0 c:/st/stm32cubeide_1.4.0/stm32cubeide/plugins/com.st.stm32cube.ide.mcu.externaltools.gnu-tools-for-stm32.7-2018-q2-update.win32_1.4.0.202007081208/tools/bin/../lib/gcc/arm-none-eabi/7.3.1/thumb/v7-m/crtend.o
 .data          0x0000000000000000        0x0 c:/st/stm32cubeide_1.4.0/stm32cubeide/plugins/com.st.stm32cube.ide.mcu.externaltools.gnu-tools-for-stm32.7-2018-q2-update.win32_1.4.0.202007081208/tools/bin/../lib/gcc/arm-none-eabi/7.3.1/thumb/v7-m/crtend.o
 .bss           0x0000000000000000        0x0 c:/st/stm32cubeide_1.4.0/stm32cubeide/plugins/com.st.stm32cube.ide.mcu.externaltools.gnu-tools-for-stm32.7-2018-q2-update.win32_1.4.0.202007081208/tools/bin/../lib/gcc/arm-none-eabi/7.3.1/thumb/v7-m/crtend.o
 .eh_frame      0x0000000000000000        0x4 c:/st/stm32cubeide_1.4.0/stm32cubeide/plugins/com.st.stm32cube.ide.mcu.externaltools.gnu-tools-for-stm32.7-2018-q2-update.win32_1.4.0.202007081208/tools/bin/../lib/gcc/arm-none-eabi/7.3.1/thumb/v7-m/crtend.o
 .ARM.attributes
                0x0000000000000000       0x2d c:/st/stm32cubeide_1.4.0/stm32cubeide/plugins/com.st.stm32cube.ide.mcu.externaltools.gnu-tools-for-stm32.7-2018-q2-update.win32_1.4.0.202007081208/tools/bin/../lib/gcc/arm-none-eabi/7.3.1/thumb/v7-m/crtend.o
 .text          0x0000000000000000        0x0 c:/st/stm32cubeide_1.4.0/stm32cubeide/plugins/com.st.stm32cube.ide.mcu.externaltools.gnu-tools-for-stm32.7-2018-q2-update.win32_1.4.0.202007081208/tools/bin/../lib/gcc/arm-none-eabi/7.3.1/thumb/v7-m/crtn.o
 .data          0x0000000000000000        0x0 c:/st/stm32cubeide_1.4.0/stm32cubeide/plugins/com.st.stm32cube.ide.mcu.externaltools.gnu-tools-for-stm32.7-2018-q2-update.win32_1.4.0.202007081208/tools/bin/../lib/gcc/arm-none-eabi/7.3.1/thumb/v7-m/crtn.o
 .bss           0x0000000000000000        0x0 c:/st/stm32cubeide_1.4.0/stm32cubeide/plugins/com.st.stm32cube.ide.mcu.externaltools.gnu-tools-for-stm32.7-2018-q2-update.win32_1.4.0.202007081208/tools/bin/../lib/gcc/arm-none-eabi/7.3.1/thumb/v7-m/crtn.o

Memory Configuration

Name             Origin             Length             Attributes
RAM              0x0000000020000000 0x0000000000002800 xrw
ROM              0x0000000008000000 0x0000000000008000 xr
*default*        0x0000000000000000 0xffffffffffffffff

Linker script and memory map

LOAD c:/st/stm32cubeide_1.4.0/stm32cubeide/plugins/com.st.stm32cube.ide.mcu.externaltools.gnu-tools-for-stm32.7-2018-q2-update.win32_1.4.0.202007081208/tools/bin/../lib/gcc/arm-none-eabi/7.3.1/thumb/v7-m/crti.o
LOAD c:/st/stm32cubeide_1.4.0/stm32cubeide/plugins/com.st.stm32cube.ide.mcu.externaltools.gnu-tools-for-stm32.7-2018-q2-update.win32_1.4.0.202007081208/tools/bin/../lib/gcc/arm-none-eabi/7.3.1/thumb/v7-m/crtbegin.o
LOAD c:/st/stm32cubeide_1.4.0/stm32cubeide/plugins/com.st.stm32cube.ide.mcu.externaltools.gnu-tools-for-stm32.7-2018-q2-update.win32_1.4.0.202007081208/tools/bin/../lib/gcc/arm-none-eabi/7.3.1/../../../../arm-none-eabi/lib/thumb/v7-m/crt0.o
LOAD Drivers/Stm32F103C8_SPI_Driver.o
LOAD Drivers/Stm32_F103C6_RCC_driver.o
LOAD Drivers/Stm32_F103C6_UART_driver.o
LOAD Drivers/Stm32_F103C6_gpio_driver.o
LOAD Src/main.o
LOAD Src/syscalls.o
LOAD Src/sysmem.o
LOAD Startup/startup_stm32f103c6tx.o
START GROUP
LOAD c:/st/stm32cubeide_1.4.0/stm32cubeide/plugins/com.st.stm32cube.ide.mcu.externaltools.gnu-tools-for-stm32.7-2018-q2-update.win32_1.4.0.202007081208/tools/bin/../lib/gcc/arm-none-eabi/7.3.1/../../../../arm-none-eabi/lib/thumb/v7-m\libc_nano.a
LOAD c:/st/stm32cubeide_1.4.0/stm32cubeide/plugins/com.st.stm32cube.ide.mcu.externaltools.gnu-tools-for-stm32.7-2018-q2-update.win32_1.4.0.202007081208/tools/bin/../lib/gcc/arm-none-eabi/7.3.1/../../../../arm-none-eabi/lib/thumb/v7-m\libm.a
END GROUP
START GROUP
LOAD c:/st/stm32cubeide_1.4.0/stm32cubeide/plugins/com.st.stm32cube.ide.mcu.externaltools.gnu-tools-for-stm32.7-2018-q2-update.win32_1.4.0.202007081208/tools/bin/../lib/gcc/arm-none-eabi/7.3.1/thumb/v7-m\libgcc.a
LOAD c:/st/stm32cubeide_1.4.0/stm32cubeide/plugins/com.st.stm32cube.ide.mcu.externaltools.gnu-tools-for-stm32.7-2018-q2-update.win32_1.4.0.202007081208/tools/bin/../lib/gcc/arm-none-eabi/7.3.1/../../../../arm-none-eabi/lib/thumb/v7-m\libg_nano.a
LOAD c:/st/stm32cubeide_1.4.0/stm32cubeide/plugins/com.st.stm32cube.ide.mcu.externaltools.gnu-tools-for-stm32.7-2018-q2-update.win32_1.4.0.202007081208/tools/bin/../lib/gcc/arm-none-eabi/7.3.1/../../../../arm-none-eabi/lib/thumb/v7-m\libc_nano.a
END GROUP
START GROUP
LOAD c:/st/stm32cubeide_1.4.0/stm32cubeide/plugins/com.st.stm32cube.ide.mcu.externaltools.gnu-tools-for-stm32.7-2018-q2-update.win32_1.4.0.202007081208/tools/bin/../lib/gcc/arm-none-eabi/7.3.1/thumb/v7-m\libgcc.a
LOAD c:/st/stm32cubeide_1.4.0/stm32cubeide/plugins/com.st.stm32cube.ide.mcu.externaltools.gnu-tools-for-stm32.7-2018-q2-update.win32_1.4.0.202007081208/tools/bin/../lib/gcc/arm-none-eabi/7.3.1/../../../../arm-none-eabi/lib/thumb/v7-m\libc_nano.a
LOAD c:/st/stm32cubeide_1.4.0/stm32cubeide/plugins/com.st.stm32cube.ide.mcu.externaltools.gnu-tools-for-stm32.7-2018-q2-update.win32_1.4.0.202007081208/tools/bin/../lib/gcc/arm-none-eabi/7.3.1/../../../../arm-none-eabi/lib/thumb/v7-m\libnosys.a
END GROUP
START GROUP
LOAD c:/st/stm32cubeide_1.4.0/stm32cubeide/plugins/com.st.stm32cube.ide.mcu.externaltools.gnu-tools-for-stm32.7-2018-q2-update.win32_1.4.0.202007081208/tools/bin/../lib/gcc/arm-none-eabi/7.3.1/thumb/v7-m\libgcc.a
LOAD c:/st/stm32cubeide_1.4.0/stm32cubeide/plugins/com.st.stm32cube.ide.mcu.externaltools.gnu-tools-for-stm32.7-2018-q2-update.win32_1.4.0.202007081208/tools/bin/../lib/gcc/arm-none-eabi/7.3.1/../../../../arm-none-eabi/lib/thumb/v7-m\libc_nano.a
LOAD c:/st/stm32cubeide_1.4.0/stm32cubeide/plugins/com.st.stm32cube.ide.mcu.externaltools.gnu-tools-for-stm32.7-2018-q2-update.win32_1.4.0.202007081208/tools/bin/../lib/gcc/arm-none-eabi/7.3.1/../../../../arm-none-eabi/lib/thumb/v7-m\libnosys.a
END GROUP
LOAD c:/st/stm32cubeide_1.4.0/stm32cubeide/plugins/com.st.stm32cube.ide.mcu.externaltools.gnu-tools-for-stm32.7-2018-q2-update.win32_1.4.0.202007081208/tools/bin/../lib/gcc/arm-none-eabi/7.3.1/thumb/v7-m/crtend.o
LOAD c:/st/stm32cubeide_1.4.0/stm32cubeide/plugins/com.st.stm32cube.ide.mcu.externaltools.gnu-tools-for-stm32.7-2018-q2-update.win32_1.4.0.202007081208/tools/bin/../lib/gcc/arm-none-eabi/7.3.1/thumb/v7-m/crtn.o
                0x0000000020002800                _estack = (ORIGIN (RAM) + LENGTH (RAM))
                0x0000000000000200                _Min_Heap_Size = 0x200
                0x0000000000000400                _Min_Stack_Size = 0x400

.isr_vector     0x0000000008000000      0x130
                0x0000000008000000                . = ALIGN (0x4)
 *(.isr_vector)
 .isr_vector    0x0000000008000000      0x130 Startup/startup_stm32f103c6tx.o
                0x0000000008000000                g_pfnVectors
                0x0000000008000130                . = ALIGN (0x4)

.text           0x0000000008000130      0xb68
                0x0000000008000130                . = ALIGN (0x4)
 *(.text)
 .text          0x0000000008000130       0x40 c:/st/stm32cubeide_1.4.0/stm32cubeide/plugins/com.st.stm32cube.ide.mcu.externaltools.gnu-tools-for-stm32.7-2018-q2-update.win32_1.4.0.202007081208/tools/bin/../lib/gcc/arm-none-eabi/7.3.1/thumb/v7-m/crtbegin.o
 *(.text*)
 .text.MCAL_SPI_Init
                0x0000000008000170      0x13c Drivers/Stm32F103C8_SPI_Driver.o
                0x0000000008000170                MCAL_SPI_Init
 .text.MCAL_SPI_GPIO_Set_Pins
                0x00000000080002ac      0x25c Drivers/Stm32F103C8_SPI_Driver.o
                0x00000000080002ac                MCAL_SPI_GPIO_Set_Pins
 .text.MCAL_SPI_Send_Data
                0x0000000008000508       0x36 Drivers/Stm32F103C8_SPI_Driver.o
                0x0000000008000508                MCAL_SPI_Send_Data
 .text.MCAL_SPI_Receive_Data
                0x000000000800053e       0x36 Drivers/Stm32F103C8_SPI_Driver.o
                0x000000000800053e                MCAL_SPI_Receive_Data
 .text.MCAL_SPI_TX_RX
                0x0000000008000574       0x2e Drivers/Stm32F103C8_SPI_Driver.o
                0x0000000008000574                MCAL_SPI_TX_RX
 *fill*         0x00000000080005a2        0x2 
 .text.SPI1_IRQHandler
                0x00000000080005a4       0x5c Drivers/Stm32F103C8_SPI_Driver.o
                0x00000000080005a4                SPI1_IRQHandler
 .text.SPI2_IRQHandler
                0x0000000008000600       0x5c Drivers/Stm32F103C8_SPI_Driver.o
                0x0000000008000600                SPI2_IRQHandler
 .text.MCAL_RCC_GET_SYSCLK_Freq
                0x000000000800065c       0x3c Drivers/Stm32_F103C6_RCC_driver.o
                0x000000000800065c                MCAL_RCC_GET_SYSCLK_Freq
 .text.MCAL_RCC_GET_PCLK1_Freq
                0x0000000008000698       0x28 Drivers/Stm32_F103C6_RCC_driver.o
                0x0000000008000698                MCAL_RCC_GET_PCLK1_Freq
 .text.MCAL_RCC_GET_PCLK2_Freq
                0x00000000080006c0       0x28 Drivers/Stm32_F103C6_RCC_driver.o
                0x00000000080006c0                MCAL_RCC_GET_PCLK2_Freq
 .text.MCAL_UART_Init
                0x00000000080006e8      0x15c Drivers/Stm32_F103C6_UART_driver.o
                0x00000000080006e8                MCAL_UART_Init
 .text.MCAL_UART_GPIO_Set_Pins
                0x0000000008000844       0xc4 Drivers/Stm32_F103C6_UART_driver.o
                0x0000000008000844                MCAL_UART_GPIO_Set_Pins
 .text.MCAL_UART_SendData
                0x0000000008000908       0x94 Drivers/Stm32_F103C6_UART_driver.o
                0x0000000008000908                MCAL_UART_SendData
 .text.USART1_IRQHandler
                0x000000000800099c       0x14 Drivers/Stm32_F103C6_UART_driver.o
                0x000000000800099c                USART1_IRQHandler
 .text.USART2_IRQHandler
                0x00000000080009b0       0x14 Drivers/Stm32_F103C6_UART_driver.o
                0x00000000080009b0                USART2_IRQHandler
 .text.USART3_IRQHandler
                0x00000000080009c4       0x14 Drivers/Stm32_F103C6_UART_driver.o
                0x00000000080009c4                USART3_IRQHandler
 .text.MCAL_GPIO_Init
                0x00000000080009d8      0x104 Drivers/Stm32_F103C6_gpio_driver.o
                0x00000000080009d8                MCAL_GPIO_Init
 .text.SPI_IRQ_CallBack
                0x0000000008000adc       0x44 Src/main.o
                0x0000000008000adc                SPI_IRQ_CallBack
 .text.UART_IRQ_Callback
                0x0000000008000b20        0xc Src/main.o
                0x0000000008000b20                UART_IRQ_Callback
 .text.main     0x0000000008000b2c       0xb8 Src/main.o
                0x0000000008000b2c                main
 .text.Reset_Handler
                0x0000000008000be4       0x50 Startup/startup_stm32f103c6tx.o
                0x0000000008000be4                Reset_Handler
 .text.Default_Handler
                0x0000000008000c34        0x2 Startup/startup_stm32f103c6tx.o
                0x0000000008000c34                EXTI2_IRQHandler
                0x0000000008000c34                TIM8_TRG_COM_IRQHandler
                0x0000000008000c34                TIM8_CC_IRQHandler
                0x0000000008000c34                DebugMon_Handler
                0x0000000008000c34                TIM1_CC_IRQHandler
                0x0000000008000c34                HardFault_Handler
                0x0000000008000c34                TIM6_IRQHandler
                0x0000000008000c34                SysTick_Handler
                0x0000000008000c34                PVD_IRQHandler
                0x0000000008000c34                SDIO_IRQHandler
                0x0000000008000c34                PendSV_Handler
                0x0000000008000c34                NMI_Handler
                0x0000000008000c34                EXTI3_IRQHandler
                0x0000000008000c34                USB_HP_CAN_TX_IRQHandler
                0x0000000008000c34                EXTI0_IRQHandler
                0x0000000008000c34                I2C2_EV_IRQHandler
                0x0000000008000c34                UsageFault_Handler
                0x0000000008000c34                ADC1_2_IRQHandler
                0x0000000008000c34                CAN_SCE_IRQHandler
                0x0000000008000c34                TAMPER_IRQHandler
                0x0000000008000c34                TIM8_UP_IRQHandler
                0x0000000008000c34                DMA2_Channel2_IRQHandler
                0x0000000008000c34                DMA1_Channel4_IRQHandler
                0x0000000008000c34                RTC_IRQHandler
                0x0000000008000c34                DMA1_Channel7_IRQHandler
                0x0000000008000c34                UART5_IRQHandler
                0x0000000008000c34                ADC3_IRQHandler
                0x0000000008000c34                TIM4_IRQHandler
                0x0000000008000c34                CAN_RX1_IRQHandler
                0x0000000008000c34                DMA2_Channel1_IRQHandler
                0x0000000008000c34                I2C1_EV_IRQHandler
                0x0000000008000c34                DMA1_Channel6_IRQHandler
                0x0000000008000c34                UART4_IRQHandler
                0x0000000008000c34                TIM3_IRQHandler
                0x0000000008000c34                RCC_IRQHandler
                0x0000000008000c34                TIM1_TRG_COM_IRQHandler
                0x0000000008000c34                DMA1_Channel1_IRQHandler
                0x0000000008000c34                Default_Handler
                0x0000000008000c34                EXTI15_10_IRQHandler
                0x0000000008000c34                TIM7_IRQHandler
                0x0000000008000c34                TIM5_IRQHandler
                0x0000000008000c34                EXTI9_5_IRQHandler
                0x0000000008000c34                USB_LP_CAN_RX0_IRQHandler
                0x0000000008000c34                MemManage_Handler
                0x0000000008000c34                SVC_Handler
                0x0000000008000c34                DMA1_Channel5_IRQHandler
                0x0000000008000c34                EXTI4_IRQHandler
                0x0000000008000c34                DMA1_Channel3_IRQHandler
                0x0000000008000c34                FSMC_IRQHandler
                0x0000000008000c34                TIM1_UP_IRQHandler
                0x0000000008000c34                WWDG_IRQHandler
                0x0000000008000c34                TIM2_IRQHandler
                0x0000000008000c34                TIM1_BRK_IRQHandler
                0x0000000008000c34                EXTI1_IRQHandler
                0x0000000008000c34                RTCAlarm_IRQHandler
                0x0000000008000c34                DMA2_Channel4_5_IRQHandler
                0x0000000008000c34                I2C2_ER_IRQHandler
                0x0000000008000c34                DMA1_Channel2_IRQHandler
                0x0000000008000c34                TIM8_BRK_IRQHandler
                0x0000000008000c34                FLASH_IRQHandler
                0x0000000008000c34                BusFault_Handler
                0x0000000008000c34                SPI3_IRQHandler
                0x0000000008000c34                I2C1_ER_IRQHandler
                0x0000000008000c34                DMA2_Channel3_IRQHandler
 *fill*         0x0000000008000c36        0x2 
 .text.__libc_init_array
                0x0000000008000c38       0x48 c:/st/stm32cubeide_1.4.0/stm32cubeide/plugins/com.st.stm32cube.ide.mcu.externaltools.gnu-tools-for-stm32.7-2018-q2-update.win32_1.4.0.202007081208/tools/bin/../lib/gcc/arm-none-eabi/7.3.1/../../../../arm-none-eabi/lib/thumb/v7-m\libc_nano.a(lib_a-init.o)
                0x0000000008000c38                __libc_init_array
 *(.glue_7)
 .glue_7        0x0000000008000c80        0x0 linker stubs
 *(.glue_7t)
 .glue_7t       0x0000000008000c80        0x0 linker stubs
 *(.eh_frame)
 .eh_frame      0x0000000008000c80        0x0 c:/st/stm32cubeide_1.4.0/stm32cubeide/plugins/com.st.stm32cube.ide.mcu.externaltools.gnu-tools-for-stm32.7-2018-q2-update.win32_1.4.0.202007081208/tools/bin/../lib/gcc/arm-none-eabi/7.3.1/thumb/v7-m/crtbegin.o
 *(.init)
 .init          0x0000000008000c80        0x4 c:/st/stm32cubeide_1.4.0/stm32cubeide/plugins/com.st.stm32cube.ide.mcu.externaltools.gnu-tools-for-stm32.7-2018-q2-update.win32_1.4.0.202007081208/tools/bin/../lib/gcc/arm-none-eabi/7.3.1/thumb/v7-m/crti.o
                0x0000000008000c80                _init
 .init          0x0000000008000c84        0x8 c:/st/stm32cubeide_1.4.0/stm32cubeide/plugins/com.st.stm32cube.ide.mcu.externaltools.gnu-tools-for-stm32.7-2018-q2-update.win32_1.4.0.202007081208/tools/bin/../lib/gcc/arm-none-eabi/7.3.1/thumb/v7-m/crtn.o
 *(.fini)
 .fini          0x0000000008000c8c        0x4 c:/st/stm32cubeide_1.4.0/stm32cubeide/plugins/com.st.stm32cube.ide.mcu.externaltools.gnu-tools-for-stm32.7-2018-q2-update.win32_1.4.0.202007081208/tools/bin/../lib/gcc/arm-none-eabi/7.3.1/thumb/v7-m/crti.o
                0x0000000008000c8c                _fini
 .fini          0x0000000008000c90        0x8 c:/st/stm32cubeide_1.4.0/stm32cubeide/plugins/com.st.stm32cube.ide.mcu.externaltools.gnu-tools-for-stm32.7-2018-q2-update.win32_1.4.0.202007081208/tools/bin/../lib/gcc/arm-none-eabi/7.3.1/thumb/v7-m/crtn.o
                0x0000000008000c98                . = ALIGN (0x4)
                0x0000000008000c98                _etext = .

.vfp11_veneer   0x0000000008000c98        0x0
 .vfp11_veneer  0x0000000008000c98        0x0 linker stubs

.v4_bx          0x0000000008000c98        0x0
 .v4_bx         0x0000000008000c98        0x0 linker stubs

.iplt           0x0000000008000c98        0x0
 .iplt          0x0000000008000c98        0x0 c:/st/stm32cubeide_1.4.0/stm32cubeide/plugins/com.st.stm32cube.ide.mcu.externaltools.gnu-tools-for-stm32.7-2018-q2-update.win32_1.4.0.202007081208/tools/bin/../lib/gcc/arm-none-eabi/7.3.1/thumb/v7-m/crtbegin.o

.rodata         0x0000000008000c98        0x8
                0x0000000008000c98                . = ALIGN (0x4)
 *(.rodata)
 *(.rodata*)
 .rodata.APBPrescTable
                0x0000000008000c98        0x8 Drivers/Stm32_F103C6_RCC_driver.o
                0x0000000008000c98                APBPrescTable
                0x0000000008000ca0                . = ALIGN (0x4)

.rel.dyn        0x0000000008000ca0        0x0
 .rel.iplt      0x0000000008000ca0        0x0 c:/st/stm32cubeide_1.4.0/stm32cubeide/plugins/com.st.stm32cube.ide.mcu.externaltools.gnu-tools-for-stm32.7-2018-q2-update.win32_1.4.0.202007081208/tools/bin/../lib/gcc/arm-none-eabi/7.3.1/thumb/v7-m/crtbegin.o

.ARM.extab      0x0000000008000ca0        0x0
                0x0000000008000ca0                . = ALIGN (0x4)
 *(.ARM.extab* .gnu.linkonce.armextab.*)
                0x0000000008000ca0                . = ALIGN (0x4)

.ARM            0x0000000008000ca0        0x0
                0x0000000008000ca0                . = ALIGN (0x4)
                0x0000000008000ca0                __exidx_start = .
 *(.ARM.exidx*)
                0x0000000008000ca0                __exidx_end = .
                0x0000000008000ca0                . = ALIGN (0x4)

.preinit_array  0x0000000008000ca0        0x0
                0x0000000008000ca0                . = ALIGN (0x4)
                0x0000000008000ca0                PROVIDE (__preinit_array_start = .)
 *(.preinit_array*)
                0x0000000008000ca0                PROVIDE (__preinit_array_end = .)
                0x0000000008000ca0                . = ALIGN (0x4)

.init_array     0x0000000008000ca0        0x4
                0x0000000008000ca0                . = ALIGN (0x4)
                0x0000000008000ca0                PROVIDE (__init_array_start = .)
 *(SORT_BY_NAME(.init_array.*))
 *(.init_array*)
 .init_array    0x0000000008000ca0        0x4 c:/st/stm32cubeide_1.4.0/stm32cubeide/plugins/com.st.stm32cube.ide.mcu.externaltools.gnu-tools-for-stm32.7-2018-q2-update.win32_1.4.0.202007081208/tools/bin/../lib/gcc/arm-none-eabi/7.3.1/thumb/v7-m/crtbegin.o
                0x0000000008000ca4                PROVIDE (__init_array_end = .)
                0x0000000008000ca4                . = ALIGN (0x4)

.fini_array     0x0000000008000ca4        0x4
                0x0000000008000ca4                . = ALIGN (0x4)
                [!provide]                        PROVIDE (__fini_array_start = .)
 *(SORT_BY_NAME(.fini_array.*))
 *(.fini_array*)
 .fini_array    0x0000000008000ca4        0x4 c:/st/stm32cubeide_1.4.0/stm32cubeide/plugins/com.st.stm32cube.ide.mcu.externaltools.gnu-tools-for-stm32.7-2018-q2-update.win32_1.4.0.202007081208/tools/bin/../lib/gcc/arm-none-eabi/7.3.1/thumb/v7-m/crtbegin.o
                [!provide]                        PROVIDE (__fini_array_end = .)
                0x0000000008000ca8                . = ALIGN (0x4)
                0x0000000008000ca8                _sidata = LOADADDR (.data)

.data           0x0000000020000000        0x0 load address 0x0000000008000ca8
                0x0000000020000000                . = ALIGN (0x4)
                0x0000000020000000                _sdata = .
 *(.data)
 *(.data*)
                0x0000000020000000                . = ALIGN (0x4)
                0x0000000020000000                _edata = .

.igot.plt       0x0000000020000000        0x0 load address 0x0000000008000ca8
 .igot.plt      0x0000000020000000        0x0 c:/st/stm32cubeide_1.4.0/stm32cubeide/plugins/com.st.stm32cube.ide.mcu.externaltools.gnu-tools-for-stm32.7-2018-q2-update.win32_1.4.0.202007081208/tools/bin/../lib/gcc/arm-none-eabi/7.3.1/thumb/v7-m/crtbegin.o
                0x0000000020000000                . = ALIGN (0x4)

.bss            0x0000000020000000       0x34 load address 0x0000000008000ca8
                0x0000000020000000                _sbss = .
                0x0000000020000000                __bss_start__ = _sbss
 *(.bss)
 .bss           0x0000000020000000       0x1c c:/st/stm32cubeide_1.4.0/stm32cubeide/plugins/com.st.stm32cube.ide.mcu.externaltools.gnu-tools-for-stm32.7-2018-q2-update.win32_1.4.0.202007081208/tools/bin/../lib/gcc/arm-none-eabi/7.3.1/thumb/v7-m/crtbegin.o
 *(.bss*)
 *(COMMON)
 COMMON         0x000000002000001c        0x8 Drivers/Stm32F103C8_SPI_Driver.o
                0x000000002000001c                G_SPI_Cfg
 COMMON         0x0000000020000024        0xc Drivers/Stm32_F103C6_UART_driver.o
                0x0000000020000024                G_UART_Config
 COMMON         0x0000000020000030        0x2 Src/main.o
                0x0000000020000030                ch
                0x0000000020000034                . = ALIGN (0x4)
 *fill*         0x0000000020000032        0x2 
                0x0000000020000034                _ebss = .
                0x0000000020000034                __bss_end__ = _ebss

._user_heap_stack
                0x0000000020000034      0x604 load address 0x0000000008000ca8
                0x0000000020000038                . = ALIGN (0x8)
 *fill*         0x0000000020000034        0x4 
                [!provide]                        PROVIDE (end = .)
                0x0000000020000038                PROVIDE (_end = .)
                0x0000000020000238                . = (. + _Min_Heap_Size)
 *fill*         0x0000000020000038      0x200 
                0x0000000020000638                . = (. + _Min_Stack_Size)
 *fill*         0x0000000020000238      0x400 
                0x0000000020000638                . = ALIGN (0x8)

/DISCARD/
 libc.a(*)
 libm.a(*)
 libgcc.a(*)

.ARM.attributes
                0x0000000000000000       0x29
 *(.ARM.attributes)
 .ARM.attributes
                0x0000000000000000       0x1d c:/st/stm32cubeide_1.4.0/stm32cubeide/plugins/com.st.stm32cube.ide.mcu.externaltools.gnu-tools-for-stm32.7-2018-q2-update.win32_1.4.0.202007081208/tools/bin/../lib/gcc/arm-none-eabi/7.3.1/thumb/v7-m/crti.o
 .ARM.attributes
                0x000000000000001d       0x2d c:/st/stm32cubeide_1.4.0/stm32cubeide/plugins/com.st.stm32cube.ide.mcu.externaltools.gnu-tools-for-stm32.7-2018-q2-update.win32_1.4.0.202007081208/tools/bin/../lib/gcc/arm-none-eabi/7.3.1/thumb/v7-m/crtbegin.o
 .ARM.attributes
                0x000000000000004a       0x33 Drivers/Stm32F103C8_SPI_Driver.o
 .ARM.attributes
                0x000000000000007d       0x33 Drivers/Stm32_F103C6_RCC_driver.o
 .ARM.attributes
                0x00000000000000b0       0x33 Drivers/Stm32_F103C6_UART_driver.o
 .ARM.attributes
                0x00000000000000e3       0x33 Drivers/Stm32_F103C6_gpio_driver.o
 .ARM.attributes
                0x0000000000000116       0x33 Src/main.o
 .ARM.attributes
                0x0000000000000149       0x21 Startup/startup_stm32f103c6tx.o
 .ARM.attributes
                0x000000000000016a       0x2d c:/st/stm32cubeide_1.4.0/stm32cubeide/plugins/com.st.stm32cube.ide.mcu.externaltools.gnu-tools-for-stm32.7-2018-q2-update.win32_1.4.0.202007081208/tools/bin/../lib/gcc/arm-none-eabi/7.3.1/../../../../arm-none-eabi/lib/thumb/v7-m\libc_nano.a(lib_a-init.o)
 .ARM.attributes
                0x0000000000000197       0x1d c:/st/stm32cubeide_1.4.0/stm32cubeide/plugins/com.st.stm32cube.ide.mcu.externaltools.gnu-tools-for-stm32.7-2018-q2-update.win32_1.4.0.202007081208/tools/bin/../lib/gcc/arm-none-eabi/7.3.1/thumb/v7-m/crtn.o
OUTPUT(SPI_test.elf elf32-littlearm)

.debug_info     0x0000000000000000     0x1f54
 .debug_info    0x0000000000000000      0x5e3 Drivers/Stm32F103C8_SPI_Driver.o
 .debug_info    0x00000000000005e3      0x217 Drivers/Stm32_F103C6_RCC_driver.o
 .debug_info    0x00000000000007fa      0x51f Drivers/Stm32_F103C6_UART_driver.o
 .debug_info    0x0000000000000d19      0x446 Drivers/Stm32_F103C6_gpio_driver.o
 .debug_info    0x000000000000115f      0xdd3 Src/main.o
 .debug_info    0x0000000000001f32       0x22 Startup/startup_stm32f103c6tx.o

.debug_abbrev   0x0000000000000000      0x6ee
 .debug_abbrev  0x0000000000000000      0x1aa Drivers/Stm32F103C8_SPI_Driver.o
 .debug_abbrev  0x00000000000001aa       0xc8 Drivers/Stm32_F103C6_RCC_driver.o
 .debug_abbrev  0x0000000000000272      0x168 Drivers/Stm32_F103C6_UART_driver.o
 .debug_abbrev  0x00000000000003da       0xda Drivers/Stm32_F103C6_gpio_driver.o
 .debug_abbrev  0x00000000000004b4      0x228 Src/main.o
 .debug_abbrev  0x00000000000006dc       0x12 Startup/startup_stm32f103c6tx.o

.debug_loc      0x0000000000000000      0x9b8
 .debug_loc     0x0000000000000000      0x2b0 Drivers/Stm32F103C8_SPI_Driver.o
 .debug_loc     0x00000000000002b0       0xc8 Drivers/Stm32_F103C6_RCC_driver.o
 .debug_loc     0x0000000000000378      0x294 Drivers/Stm32_F103C6_UART_driver.o
 .debug_loc     0x000000000000060c      0x2e0 Drivers/Stm32_F103C6_gpio_driver.o
 .debug_loc     0x00000000000008ec       0xcc Src/main.o

.debug_aranges  0x0000000000000000      0x1a0
 .debug_aranges
                0x0000000000000000       0x58 Drivers/Stm32F103C8_SPI_Driver.o
 .debug_aranges
                0x0000000000000058       0x38 Drivers/Stm32_F103C6_RCC_driver.o
 .debug_aranges
                0x0000000000000090       0x60 Drivers/Stm32_F103C6_UART_driver.o
 .debug_aranges
                0x00000000000000f0       0x58 Drivers/Stm32_F103C6_gpio_driver.o
 .debug_aranges
                0x0000000000000148       0x30 Src/main.o
 .debug_aranges
                0x0000000000000178       0x28 Startup/startup_stm32f103c6tx.o

.debug_ranges   0x0000000000000000      0x148
 .debug_ranges  0x0000000000000000       0x48 Drivers/Stm32F103C8_SPI_Driver.o
 .debug_ranges  0x0000000000000048       0x28 Drivers/Stm32_F103C6_RCC_driver.o
 .debug_ranges  0x0000000000000070       0x50 Drivers/Stm32_F103C6_UART_driver.o
 .debug_ranges  0x00000000000000c0       0x48 Drivers/Stm32_F103C6_gpio_driver.o
 .debug_ranges  0x0000000000000108       0x20 Src/main.o
 .debug_ranges  0x0000000000000128       0x20 Startup/startup_stm32f103c6tx.o

.debug_macro    0x0000000000000000     0x27fd
 .debug_macro   0x0000000000000000       0x8a Drivers/Stm32F103C8_SPI_Driver.o
 .debug_macro   0x000000000000008a      0xa60 Drivers/Stm32F103C8_SPI_Driver.o
 .debug_macro   0x0000000000000aea       0x22 Drivers/Stm32F103C8_SPI_Driver.o
 .debug_macro   0x0000000000000b0c       0x8e Drivers/Stm32F103C8_SPI_Driver.o
 .debug_macro   0x0000000000000b9a       0x51 Drivers/Stm32F103C8_SPI_Driver.o
 .debug_macro   0x0000000000000beb       0xef Drivers/Stm32F103C8_SPI_Driver.o
 .debug_macro   0x0000000000000cda       0x6a Drivers/Stm32F103C8_SPI_Driver.o
 .debug_macro   0x0000000000000d44      0x1df Drivers/Stm32F103C8_SPI_Driver.o
 .debug_macro   0x0000000000000f23      0x2a0 Drivers/Stm32F103C8_SPI_Driver.o
 .debug_macro   0x00000000000011c3       0xd6 Drivers/Stm32F103C8_SPI_Driver.o
 .debug_macro   0x0000000000001299       0xc6 Drivers/Stm32F103C8_SPI_Driver.o
 .debug_macro   0x000000000000135f       0x7b Drivers/Stm32_F103C6_RCC_driver.o
 .debug_macro   0x00000000000013da      0x2a6 Drivers/Stm32_F103C6_RCC_driver.o
 .debug_macro   0x0000000000001680       0x10 Drivers/Stm32_F103C6_RCC_driver.o
 .debug_macro   0x0000000000001690       0x93 Drivers/Stm32_F103C6_UART_driver.o
 .debug_macro   0x0000000000001723       0x16 Drivers/Stm32_F103C6_UART_driver.o
 .debug_macro   0x0000000000001739       0xd7 Drivers/Stm32_F103C6_UART_driver.o
 .debug_macro   0x0000000000001810       0x81 Drivers/Stm32_F103C6_gpio_driver.o
 .debug_macro   0x0000000000001891       0xd0 Drivers/Stm32_F103C6_gpio_driver.o
 .debug_macro   0x0000000000001961      0x23d Src/main.o
 .debug_macro   0x0000000000001b9e       0x18 Src/main.o
 .debug_macro   0x0000000000001bb6       0x46 Src/main.o
 .debug_macro   0x0000000000001bfc       0x3c Src/main.o
 .debug_macro   0x0000000000001c38       0x34 Src/main.o
 .debug_macro   0x0000000000001c6c       0x16 Src/main.o
 .debug_macro   0x0000000000001c82      0x10e Src/main.o
 .debug_macro   0x0000000000001d90       0x8d Src/main.o
 .debug_macro   0x0000000000001e1d       0x52 Src/main.o
 .debug_macro   0x0000000000001e6f       0x1f Src/main.o
 .debug_macro   0x0000000000001e8e       0x43 Src/main.o
 .debug_macro   0x0000000000001ed1       0x20 Src/main.o
 .debug_macro   0x0000000000001ef1      0x1a3 Src/main.o
 .debug_macro   0x0000000000002094      0x330 Src/main.o
 .debug_macro   0x00000000000023c4       0x16 Src/main.o
 .debug_macro   0x00000000000023da       0x29 Src/main.o
 .debug_macro   0x0000000000002403       0x1c Src/main.o
 .debug_macro   0x000000000000241f       0x35 Src/main.o
 .debug_macro   0x0000000000002454       0x10 Src/main.o
 .debug_macro   0x0000000000002464       0x10 Src/main.o
 .debug_macro   0x0000000000002474       0x1c Src/main.o
 .debug_macro   0x0000000000002490       0x52 Src/main.o
 .debug_macro   0x00000000000024e2       0x40 Src/main.o
 .debug_macro   0x0000000000002522       0x10 Src/main.o
 .debug_macro   0x0000000000002532       0x40 Src/main.o
 .debug_macro   0x0000000000002572       0xd7 Src/main.o
 .debug_macro   0x0000000000002649       0x1c Src/main.o
 .debug_macro   0x0000000000002665       0x3d Src/main.o
 .debug_macro   0x00000000000026a2       0x16 Src/main.o
 .debug_macro   0x00000000000026b8      0x145 Src/main.o

.debug_line     0x0000000000000000     0x19f3
 .debug_line    0x0000000000000000      0x505 Drivers/Stm32F103C8_SPI_Driver.o
 .debug_line    0x0000000000000505      0x404 Drivers/Stm32_F103C6_RCC_driver.o
 .debug_line    0x0000000000000909      0x54d Drivers/Stm32_F103C6_UART_driver.o
 .debug_line    0x0000000000000e56      0x4c4 Drivers/Stm32_F103C6_gpio_driver.o
 .debug_line    0x000000000000131a      0x655 Src/main.o
 .debug_line    0x000000000000196f       0x84 Startup/startup_stm32f103c6tx.o

.debug_str      0x0000000000000000     0xa0db
 .debug_str     0x0000000000000000     0x5372 Drivers/Stm32F103C8_SPI_Driver.o
                                       0x54f9 (size before relaxing)
 .debug_str     0x0000000000005372       0xfb Drivers/Stm32_F103C6_RCC_driver.o
                                       0x4b0b (size before relaxing)
 .debug_str     0x000000000000546d      0x6c3 Drivers/Stm32_F103C6_UART_driver.o
                                       0x55a7 (size before relaxing)
 .debug_str     0x0000000000005b30      0x10b Drivers/Stm32_F103C6_gpio_driver.o
                                       0x4f5e (size before relaxing)
 .debug_str     0x0000000000005c3b     0x446f Src/main.o
                                       0x9f2d (size before relaxing)
 .debug_str     0x000000000000a0aa       0x31 Startup/startup_stm32f103c6tx.o
                                         0x65 (size before relaxing)

.comment        0x0000000000000000       0x7b
 .comment       0x0000000000000000       0x7b Drivers/Stm32F103C8_SPI_Driver.o
                                         0x7c (size before relaxing)
 .comment       0x000000000000007b       0x7c Drivers/Stm32_F103C6_RCC_driver.o
 .comment       0x000000000000007b       0x7c Drivers/Stm32_F103C6_UART_driver.o
 .comment       0x000000000000007b       0x7c Drivers/Stm32_F103C6_gpio_driver.o
 .comment       0x000000000000007b       0x7c Src/main.o

.debug_frame    0x0000000000000000      0x504
 .debug_frame   0x0000000000000000      0x144 Drivers/Stm32F103C8_SPI_Driver.o
 .debug_frame   0x0000000000000144       0x84 Drivers/Stm32_F103C6_RCC_driver.o
 .debug_frame   0x00000000000001c8      0x14c Drivers/Stm32_F103C6_UART_driver.o
 .debug_frame   0x0000000000000314      0x150 Drivers/Stm32_F103C6_gpio_driver.o
 .debug_frame   0x0000000000000464       0x74 Src/main.o
 .debug_frame   0x00000000000004d8       0x2c c:/st/stm32cubeide_1.4.0/stm32cubeide/plugins/com.st.stm32cube.ide.mcu.externaltools.gnu-tools-for-stm32.7-2018-q2-update.win32_1.4.0.202007081208/tools/bin/../lib/gcc/arm-none-eabi/7.3.1/../../../../arm-none-eabi/lib/thumb/v7-m\libc_nano.a(lib_a-init.o)
